<!doctype html><html><head><title> *hello* </title></head><body> <h1> *hello* </h1> | other stuff</body></html>
<!doctype html><html><head><title>&lt;hello&gt;</title></head><body> <h1>&lt;hello&gt;</h1> | other stuff</body></html>
