<!doctype html><html><body><p>items:</p><ul><li>1</li><li>2</li></ul><p>hello hello hello world!</p></body></html>
<!doctype html><html><body><p>no items</p><p>hello hello hello world!</p></body></html>
