<!doctype html><html><head><title>%20*hello*%20</title></head><body><h1> *hello* </h1></body></html>
<!doctype html><html><head><title><hello></title></head><body><h1><hello></h1></body></html>
